2026-09-17 18:19:31,105 [INFO] ================================================================================
2026-09-17 18:19:31,105 [INFO]                 STARTING STAGE 3 EXPERIMENTAL PIPELINE                          
2026-09-17 18:19:31,106 [INFO]   Title Integration, External Metadata & Hybrid Rule-Enhanced Screening         
2026-09-17 18:19:31,106 [INFO] ================================================================================
2026-09-17 18:19:31,140 [INFO] Execution Device: cuda (NVIDIA GeForce GTX 1050 Ti)
2026-09-17 18:19:31,514 [INFO] Stage 3 Splits Prepared: Sub-Train=230 (Pos=76), Val=58 (Pos=19), Test=73 (Pos=24)
2026-09-17 18:19:31,515 [INFO] Class Distributions: Train=76 Pos / 154 Neg | Val=19 Pos / 39 Neg | Test=24 Pos / 49 Neg
2026-09-17 18:19:31,515 [INFO] Vectorizing Title + Abstract combined text with TF-IDF...
2026-09-17 18:19:31,707 [INFO] Training Calibrated Linear SVM (Title + Abstract)...
2026-09-17 18:19:31,750 [INFO] Training Complement Naive Bayes (Title + Abstract)...
2026-09-17 18:19:31,753 [INFO] Initializing Dual-Input PubMedBERT Tokenizer & DataLoaders...
2026-09-17 18:19:35,065 [INFO] Fine-tuning Dual-Input PubMedBERT on Sub-Train with Validation Monitoring...
2026-09-17 18:19:38,509 [INFO] Starting Stage 3 Dual-Input PubMedBERT Training (8 epochs, pos_weight=2.03)...
2026-09-17 18:20:27,130 [INFO] Epoch 1/8 - Train Loss: 0.9158 | Val Loss: 0.7971 | Val AUROC: 0.8475 | Val F1: 0.6667
2026-09-17 18:20:28,583 [INFO]   -> Saved new best checkpoint at epoch 1 (Val Loss: 0.7971, AUROC: 0.8475)
2026-09-17 18:21:15,913 [INFO] Epoch 2/8 - Train Loss: 0.5361 | Val Loss: 0.2480 | Val AUROC: 0.9892 | Val F1: 0.9444
2026-09-17 18:21:17,750 [INFO]   -> Saved new best checkpoint at epoch 2 (Val Loss: 0.2480, AUROC: 0.9892)
2026-09-17 18:25:03,613 [INFO] Epoch 3/8 - Train Loss: 0.1416 | Val Loss: 0.0509 | Val AUROC: 1.0000 | Val F1: 1.0000
2026-09-17 18:25:05,332 [INFO]   -> Saved new best checkpoint at epoch 3 (Val Loss: 0.0509, AUROC: 1.0000)
2026-09-17 18:30:16,598 [INFO] Epoch 4/8 - Train Loss: 0.0582 | Val Loss: 0.0339 | Val AUROC: 1.0000 | Val F1: 1.0000
2026-09-17 18:30:18,781 [INFO]   -> Saved new best checkpoint at epoch 4 (Val Loss: 0.0339, AUROC: 1.0000)
2026-09-17 18:31:59,734 [INFO] Epoch 5/8 - Train Loss: 0.0444 | Val Loss: 0.0306 | Val AUROC: 1.0000 | Val F1: 1.0000
2026-09-17 18:32:01,518 [INFO]   -> Saved new best checkpoint at epoch 5 (Val Loss: 0.0306, AUROC: 1.0000)
2026-09-17 18:35:07,476 [INFO] Epoch 6/8 - Train Loss: 0.0391 | Val Loss: 0.0293 | Val AUROC: 1.0000 | Val F1: 1.0000
2026-09-17 18:35:09,630 [INFO]   -> Saved new best checkpoint at epoch 6 (Val Loss: 0.0293, AUROC: 1.0000)
2026-09-17 18:39:23,071 [INFO] Epoch 7/8 - Train Loss: 0.0389 | Val Loss: 0.0288 | Val AUROC: 1.0000 | Val F1: 1.0000
2026-09-17 18:39:24,953 [INFO]   -> Saved new best checkpoint at epoch 7 (Val Loss: 0.0288, AUROC: 1.0000)
2026-09-17 18:45:50,422 [INFO] Epoch 8/8 - Train Loss: 0.0368 | Val Loss: 0.0286 | Val AUROC: 1.0000 | Val F1: 1.0000
2026-09-17 18:45:52,971 [INFO]   -> Saved new best checkpoint at epoch 8 (Val Loss: 0.0286, AUROC: 1.0000)
2026-09-17 18:45:52,983 [INFO] Restored best model weights from epoch 8.
2026-09-17 18:45:52,987 [INFO] Evaluating: Linear SVM (Title+Abstract) [Standalone] ...
2026-09-17 18:45:53,358 [INFO] Evaluating: Linear SVM (Title+Abstract) [Cascaded (Pre-Filter)] ...
2026-09-17 18:45:53,736 [INFO] Evaluating: Complement NB (Title+Abstract) [Standalone] ...
2026-09-17 18:45:54,099 [INFO] Evaluating: Complement NB (Title+Abstract) [Cascaded (Pre-Filter)] ...
2026-09-17 18:45:54,452 [INFO] Evaluating: PubMedBERT (Title+Abstract) [Standalone] ...
2026-09-17 18:46:03,350 [INFO] Evaluating: PubMedBERT (Title+Abstract) [Cascaded (Pre-Filter)] ...
2026-09-17 18:46:11,017 [INFO] Generating comparison plots...
2026-09-17 18:46:12,429 [INFO] Writing comprehensive research report to reports/stage3/stage3_report.md...
